05-15 13:15:57.561  5610  5637 I TestRunner: started: testIncomeTransaction(lk.ac.mrt.cse.dbs.simpleexpensemanager.ApplicationTest)
05-15 13:15:57.595  1894  1951 I GnssLocationProvider: WakeLock acquired by sendMessage(REPORT_SV_STATUS, 0, com.android.server.location.GnssLocationProvider$SvStatusInfo@4d927d0)
05-15 13:15:57.595  1894  1908 I GnssLocationProvider: WakeLock released by handleMessage(REPORT_SV_STATUS, 0, com.android.server.location.GnssLocationProvider$SvStatusInfo@4d927d0)
05-15 13:15:57.612  2504  4358 W Icing   : No valid account for uploading user actions
05-15 13:15:58.021  5610  5637 W eexpensemanage: JNI critical lock held for 315.761ms on Thread[13,tid=5637,Runnable,Thread*=0xeb3f9a00,peer=0x1656eee8,"Instr: androidx.test.runner.AndroidJUnitRunner"]
05-15 13:15:58.080  2504  4358 D SharedPreferencesImpl: Time required to fsync /data/user/0/com.google.android.gms/shared_prefs/usage_stats_manager_prefs.xml: [<1: 0, <2: 4, <4: 9, <8: 2, <16: 0, <32: 0, <64: 0, <128: 0, <256: 0, <512: 2, <1024: 0, <2048: 0, <4096: 0, <8192: 0, <16384: 0, >=16384: 0]
05-15 13:15:58.082  2504  4358 I Icing   : Usage reports ok 0, Failed Usage reports 0, indexed 0, rejected 0
05-15 13:15:58.774  1894  1951 I GnssLocationProvider: WakeLock acquired by sendMessage(REPORT_SV_STATUS, 0, com.android.server.location.GnssLocationProvider$SvStatusInfo@57783c9)
05-15 13:15:58.775  1894  1908 I GnssLocationProvider: WakeLock released by handleMessage(REPORT_SV_STATUS, 0, com.android.server.location.GnssLocationProvider$SvStatusInfo@57783c9)
05-15 13:15:59.191  3077  3231 W NamedFutures: Timeout future task has been cancelled: 9000 milliseconds
05-15 13:15:59.209  3077  3232 W NamedFutures: Timeout future task has been cancelled: 9000 milliseconds
05-15 13:15:59.254  3077  3231 W NamedFutures: Timeout future task has been cancelled: 9000 milliseconds
05-15 13:15:59.254  3077  3232 W NamedFutures: Timeout future task has been cancelled: 9000 milliseconds
05-15 13:15:59.254  3077  3232 W NamedFutures: Timeout future task has been cancelled: 9000 milliseconds
05-15 13:15:59.254  3077  3231 W NamedFutures: Timeout future task has been cancelled: 9000 milliseconds
05-15 13:15:59.265  5610  5637 E SQLiteDatabase: Error inserting balance=1000.0 account_no=19022P account_holder=Yasith
05-15 13:15:59.265  5610  5637 E SQLiteDatabase: android.database.sqlite.SQLiteConstraintException: UNIQUE constraint failed: accountTable.account_no (code 1555 SQLITE_CONSTRAINT_PRIMARYKEY)
05-15 13:15:59.265  5610  5637 E SQLiteDatabase: 	at android.database.sqlite.SQLiteConnection.nativeExecuteForLastInsertedRowId(Native Method)
05-15 13:15:59.265  5610  5637 E SQLiteDatabase: 	at android.database.sqlite.SQLiteConnection.executeForLastInsertedRowId(SQLiteConnection.java:796)
05-15 13:15:59.265  5610  5637 E SQLiteDatabase: 	at android.database.sqlite.SQLiteSession.executeForLastInsertedRowId(SQLiteSession.java:788)
05-15 13:15:59.265  5610  5637 E SQLiteDatabase: 	at android.database.sqlite.SQLiteStatement.executeInsert(SQLiteStatement.java:86)
05-15 13:15:59.265  5610  5637 E SQLiteDatabase: 	at android.database.sqlite.SQLiteDatabase.insertWithOnConflict(SQLiteDatabase.java:1564)
05-15 13:15:59.265  5610  5637 E SQLiteDatabase: 	at android.database.sqlite.SQLiteDatabase.insert(SQLiteDatabase.java:1433)
05-15 13:15:59.265  5610  5637 E SQLiteDatabase: 	at lk.ac.mrt.cse.dbs.simpleexpensemanager.data.DatabaseHelper.addNewAccount(DatabaseHelper.java:50)
05-15 13:15:59.265  5610  5637 E SQLiteDatabase: 	at lk.ac.mrt.cse.dbs.simpleexpensemanager.data.impl.PersistentAccountDAO.addAccount(PersistentAccountDAO.java:47)
05-15 13:15:59.265  5610  5637 E SQLiteDatabase: 	at lk.ac.mrt.cse.dbs.simpleexpensemanager.control.ExpenseManager.addAccount(ExpenseManager.java:92)
05-15 13:15:59.265  5610  5637 E SQLiteDatabase: 	at lk.ac.mrt.cse.dbs.simpleexpensemanager.ApplicationTest.testIncomeTransaction(ApplicationTest.java:60)
05-15 13:15:59.265  5610  5637 E SQLiteDatabase: 	at java.lang.reflect.Method.invoke(Native Method)
05-15 13:15:59.265  5610  5637 E SQLiteDatabase: 	at org.junit.runners.model.FrameworkMethod$1.runReflectiveCall(FrameworkMethod.java:50)
05-15 13:15:59.265  5610  5637 E SQLiteDatabase: 	at org.junit.internal.runners.model.ReflectiveCallable.run(ReflectiveCallable.java:12)
05-15 13:15:59.265  5610  5637 E SQLiteDatabase: 	at org.junit.runners.model.FrameworkMethod.invokeExplosively(FrameworkMethod.java:47)
05-15 13:15:59.265  5610  5637 E SQLiteDatabase: 	at org.junit.internal.runners.statements.InvokeMethod.evaluate(InvokeMethod.java:17)
05-15 13:15:59.265  5610  5637 E SQLiteDatabase: 	at androidx.test.internal.runner.junit4.statement.RunBefores.evaluate(RunBefores.java:80)
05-15 13:15:59.265  5610  5637 E SQLiteDatabase: 	at org.junit.runners.ParentRunner.runLeaf(ParentRunner.java:325)
05-15 13:15:59.265  5610  5637 E SQLiteDatabase: 	at org.junit.runners.BlockJUnit4ClassRunner.runChild(BlockJUnit4ClassRunner.java:78)
05-15 13:15:59.265  5610  5637 E SQLiteDatabase: 	at org.junit.runners.BlockJUnit4ClassRunner.runChild(BlockJUnit4ClassRunner.java:57)
05-15 13:15:59.265  5610  5637 E SQLiteDatabase: 	at org.junit.runners.ParentRunner$3.run(ParentRunner.java:290)
05-15 13:15:59.265  5610  5637 E SQLiteDatabase: 	at org.junit.runners.ParentRunner$1.schedule(ParentRunner.java:71)
05-15 13:15:59.265  5610  5637 E SQLiteDatabase: 	at org.junit.runners.ParentRunner.runChildren(ParentRunner.java:288)
05-15 13:15:59.265  5610  5637 E SQLiteDatabase: 	at org.junit.runners.ParentRunner.access$000(ParentRunner.java:58)
05-15 13:15:59.265  5610  5637 E SQLiteDatabase: 	at org.junit.runners.ParentRunner$2.evaluate(ParentRunner.java:268)
05-15 13:15:59.265  5610  5637 E SQLiteDatabase: 	at org.junit.runners.ParentRunner.run(ParentRunner.java:363)
05-15 13:15:59.265  5610  5637 E SQLiteDatabase: 	at org.junit.runners.Suite.runChild(Suite.java:128)
05-15 13:15:59.265  5610  5637 E SQLiteDatabase: 	at org.junit.runners.Suite.runChild(Suite.java:27)
05-15 13:15:59.265  5610  5637 E SQLiteDatabase: 	at org.junit.runners.ParentRunner$3.run(ParentRunner.java:290)
05-15 13:15:59.265  5610  5637 E SQLiteDatabase: 	at org.junit.runners.ParentRunner$1.schedule(ParentRunner.java:71)
05-15 13:15:59.265  5610  5637 E SQLiteDatabase: 	at org.junit.runners.ParentRunner.runChildren(ParentRunner.java:288)
05-15 13:15:59.265  5610  5637 E SQLiteDatabase: 	at org.junit.runners.ParentRunner.access$000(ParentRunner.java:58)
05-15 13:15:59.265  5610  5637 E SQLiteDatabase: 	at org.junit.runners.ParentRunner$2.evaluate(ParentRunner.java:268)
05-15 13:15:59.265  5610  5637 E SQLiteDatabase: 	at org.junit.runners.ParentRunner.run(ParentRunner.java:363)
05-15 13:15:59.265  5610  5637 E SQLiteDatabase: 	at org.junit.runner.JUnitCore.run(JUnitCore.java:137)
05-15 13:15:59.265  5610  5637 E SQLiteDatabase: 	at org.junit.runner.JUnitCore.run(JUnitCore.java:115)
05-15 13:15:59.265  5610  5637 E SQLiteDatabase: 	at androidx.test.internal.runner.TestExecutor.execute(TestExecutor.java:56)
05-15 13:15:59.265  5610  5637 E SQLiteDatabase: 	at androidx.test.runner.AndroidJUnitRunner.onStart(AndroidJUnitRunner.java:444)
05-15 13:15:59.265  5610  5637 E SQLiteDatabase: 	at android.app.Instrumentation$InstrumentationThread.run(Instrumentation.java:2145)
05-15 13:15:59.596  1894  1951 I GnssLocationProvider: WakeLock acquired by sendMessage(REPORT_SV_STATUS, 0, com.android.server.location.GnssLocationProvider$SvStatusInfo@4808ace)
05-15 13:15:59.597  1894  1908 I GnssLocationProvider: WakeLock released by handleMessage(REPORT_SV_STATUS, 0, com.android.server.location.GnssLocationProvider$SvStatusInfo@4808ace)
05-15 13:15:59.632  5610  5637 I TestRunner: finished: testIncomeTransaction(lk.ac.mrt.cse.dbs.simpleexpensemanager.ApplicationTest)
